Dockform Doctor — health scan
Context: default  •  Host: unix:///var/run/docker.sock

│ ✓ [engine] Docker Engine reachable — v20.0.0
│ ✓ [context] Active context reachable — "default"
│ × [compose] Docker Compose (v2) — not found
│     Remedy: Install docker compose plugin (v2+).
│ ✓ [sops] SOPS present — sops 3.10.2
│ ✓ [helper] Helper image present — alpine:3.22
│ ✓ [net-perms] Network create/remove — ok
│ ✓ [vol-perms] Volume create/remove — ok

Summary: 7 checks • 6 PASS, 0 WARN, 1 FAIL
Action needed: fix the FAIL items above, then re-run: dockform doctor