Dockform (v0.1.0-dev) Doctor — health scan
Context: default  •  Host: unix:///var/run/docker.sock

│ ✓ [engine] Docker Engine reachable — v20.0.0
│ ✓ [context] Active context reachable — "default"
│ × [compose] Docker Compose (v2+) — not found
│     Remedy: Install docker compose plugin (v2+).
│ ✓ [sops] SOPS present — sops 3.10.2
│ ✓ [gpg] GnuPG present — gpg (GnuPG) 2.4.3
│     agent socket: /tmp/gpg-agent.sock
│     loopback: supported
│ ✓ [helper] Helper image ready — alpine:3.22
│     provides: sh, find, xargs, getent, chown, chmod, cut
│ ✓ [net-perms] Network create/remove — ok
│ ✓ [vol-perms] Volume create/remove — ok

Summary: 8 checks • 7 PASS, 0 WARN, 1 FAIL
Action needed: fix the FAIL items above, then re-run: dockform doctor