Applied 3/6 changes in 8.0s · 1 failed

 hetzner-two
  ✔ Volumes           2 created        2.0s
  ✖ Stacks
     ✖ linkwarden             compose up linkwarden: image pull failed 2.0s
       · postgres               pending
       · linkwarden             pending
  ⠋ Filesets
     ⠋ web_config             8/23 files

  ✖ hetzner-two Stacks/linkwarden  compose up linkwarden: image pull failed

  log: .dockform/logs/apply-20260912-180000.log
