Applying 4 resources
hetzner-one fileset web_config: syncing
hetzner-two volume data: creating
hetzner-two fileset web_config: syncing
hetzner-one fileset web_config: 8/23 files
hetzner-two fileset web_config: 14/40 files
hetzner-one fileset web_config: synced 23 files (3.0s)
hetzner-two volume data: created (3.0s)
hetzner-two stack linkwarden: starting
hetzner-two fileset web_config: synced 40 files (4.0s)
hetzner-one network proxy: starting
hetzner-two stack linkwarden: FAILED: compose up linkwarden: image pull failed (3.0s)

3 of 4 resources applied, 1 failed
  FAILED hetzner-two stack linkwarden: compose up linkwarden: image pull failed
  interrupted hetzner-one network proxy
  log: .dockform/logs/apply-20260912-180000.log
